==============================================================
  SELIERI — Full Experiment Pipeline (4 models)
==============================================================

[1] Loading data ...
    Rows: 2000  Cols: 83
[2] Building move-level dataframe ...
    Games: 2000  |  Moves: 193,074
    Cheat moves: 16,853 (8.7%)
    Cheat games: 1000 (50.0%)

    Train:1400  Val:300  Test:300
    pos_weight (move)=10.41  (game)=1.00

==============================================================
  EXP A1: Per-Move BiLSTM — SF + Maia (18 features)
==============================================================
  Params: 563,329
    Ep   TrLoss   VaLoss    TrF1    VaF1
     1   1.0683   0.7969   0.256   0.373
     2   0.7065   0.6425   0.460   0.475
     3   0.6004   0.5988   0.486   0.473
     4   0.5813   0.5901   0.497   0.484
     5   0.5440   0.6336   0.504   0.501
     6   0.5336   0.5753   0.510   0.463
     7   0.5292   0.5875   0.512   0.511
     8   0.5239   0.7077   0.518   0.496
     9   0.4993   0.6183   0.527   0.510
    10   0.4947   0.5335   0.527   0.510
    11   0.4790   0.5617   0.533   0.502
    12   0.4893   0.5251   0.531   0.507
    13   0.4754   0.6135   0.528   0.519
    14   0.4917   0.5435   0.527   0.453
    15   0.5075   0.5065   0.518   0.504
    16   0.5028   0.6328   0.527   0.518
    17   0.4667   0.5056   0.542   0.506
    18   0.4617   0.5366   0.547   0.504
    19   0.4593   0.5901   0.542   0.536
    20   0.4730   0.5390   0.545   0.522
    21   0.4516   0.5973   0.541   0.532
    22   0.4463   0.5512   0.550   0.531
    23   0.4377   0.5973   0.555   0.523
    24   0.4337   0.5858   0.555   0.531
  Early stop ep 24
  Saved: /home/kintsurr/VUB/Semester-2/current_trends/selieri/selieri_model_permove_full.pt
  Move AUC=0.9308  Game AUC=0.9839

==============================================================
  EXP A2: Per-Move BiLSTM — SF only (9 features) [control]
==============================================================
  Params: 554,113
    Ep   TrLoss   VaLoss    TrF1    VaF1
     1   1.1558   0.9870   0.212   0.266
     2   0.8543   0.9323   0.367   0.421
     3   0.7249   0.6902   0.417   0.402
     4   0.6895   0.6666   0.426   0.426
     5   0.7373   0.6620   0.432   0.441
     6   0.6365   0.6297   0.460   0.440
     7   0.6188   0.6181   0.457   0.441
     8   0.6265   0.6565   0.453   0.427
     9   0.6299   0.6246   0.464   0.426
    10   0.6326   0.6386   0.447   0.391
    11   0.6121   0.6321   0.449   0.429
    12   0.5777   0.5836   0.473   0.440
    13   0.5612   0.6136   0.487   0.481
    14   0.5654   0.5970   0.476   0.457
    15   0.5725   0.5818   0.478   0.465
    16   0.5416   0.5772   0.487   0.456
    17   0.5337   0.5613   0.492   0.461
    18   0.5246   0.5622   0.497   0.490
    19   0.5212   0.5536   0.503   0.464
    20   0.5560   0.5756   0.501   0.488
    21   0.5359   0.5834   0.492   0.497
    22   0.5153   0.5515   0.508   0.472
    23   0.5179   0.5782   0.500   0.470
    24   0.5245   0.5665   0.508   0.491
    25   0.5104   0.5821   0.512   0.509
    26   0.5087   0.5509   0.513   0.468
    27   0.5075   0.5558   0.510   0.489
    28   0.5032   0.5417   0.515   0.472
    29   0.4948   0.5869   0.516   0.510
    30   0.5099   0.5952   0.518   0.522
    31   0.5083   0.5792   0.511   0.494
    32   0.5577   0.5779   0.489   0.490
    33   0.5206   0.5755   0.518   0.513
    34   0.4933   0.6230   0.523   0.522
    35   0.4882   0.5775   0.521   0.518
  Early stop ep 35
  Saved: /home/kintsurr/VUB/Semester-2/current_trends/selieri/selieri_model_permove_sfonly.pt
  Move AUC=0.9247  Game AUC=0.9670

==============================================================
  EXP B1: Per-Game Binary BiLSTM — SF + Maia (18 features)
==============================================================
  Params: 563,329
    Ep   TrLoss   VaLoss    TrF1    VaF1
     1   0.5584   0.3716   0.777   0.850
     2   0.3535   0.3387   0.854   0.870
     3   0.2247   0.2794   0.916   0.897
     4   0.1878   0.2327   0.929   0.904
     5   0.1499   0.1914   0.946   0.909
     6   0.1499   0.2778   0.940   0.880
     7   0.1475   0.2131   0.949   0.903
     8   0.1177   0.2000   0.960   0.922
     9   0.1109   0.1748   0.961   0.927
    10   0.0926   0.1568   0.967   0.932
    11   0.0856   0.1765   0.971   0.925
    12   0.0868   0.1934   0.970   0.925
    13   0.0915   0.1783   0.965   0.925
    14   0.0709   0.1754   0.974   0.916
    15   0.0608   0.1558   0.975   0.934
    16   0.0513   0.1869   0.982   0.913
    17   0.0474   0.2481   0.984   0.917
    18   0.0432   0.2276   0.986   0.929
    19   0.0363   0.2219   0.987   0.939
    20   0.0425   0.1890   0.984   0.951
    21   0.0343   0.1630   0.989   0.950
    22   0.0292   0.2145   0.991   0.935
  Early stop ep 22
  Saved: /home/kintsurr/VUB/Semester-2/current_trends/selieri/selieri_model_game_full.pt
  AUC=0.9940  F1=0.9605

==============================================================
  EXP B2: Per-Game Binary BiLSTM — SF only (9 features) [control]
==============================================================
  Params: 554,113
    Ep   TrLoss   VaLoss    TrF1    VaF1
     1   0.5745   0.4830   0.677   0.758
     2   0.4015   0.4622   0.843   0.821
     3   0.3678   0.3967   0.843   0.832
     4   0.3408   0.4320   0.852   0.821
     5   0.3317   0.3808   0.869   0.826
     6   0.3042   0.3672   0.876   0.822
     7   0.2925   0.3687   0.882   0.815
     8   0.2825   0.3694   0.882   0.847
     9   0.2671   0.3238   0.893   0.863
    10   0.2540   0.2991   0.899   0.880
    11   0.2283   0.2908   0.900   0.888
    12   0.2291   0.2735   0.910   0.889
    13   0.2319   0.2979   0.901   0.872
    14   0.2096   0.3041   0.920   0.865
    15   0.2102   0.2572   0.918   0.889
    16   0.1789   0.3253   0.932   0.872
    17   0.1933   0.2556   0.922   0.905
    18   0.1747   0.2560   0.930   0.895
    19   0.1803   0.3016   0.929   0.887
    20   0.1792   0.3719   0.929   0.846
    21   0.1807   0.2890   0.927   0.890
    22   0.1357   0.2716   0.949   0.893
    23   0.1113   0.2590   0.958   0.914
    24   0.1090   0.2789   0.955   0.887
  Early stop ep 24
  Saved: /home/kintsurr/VUB/Semester-2/current_trends/selieri/selieri_model_game_sfonly.pt
  AUC=0.9719  F1=0.9115

==============================================================
  EXPLAINABILITY: Koh & Liang (2017) — Applied to A1
==============================================================
  Classifier head params: 16,513

  Step 1/3: Training gradients (1400 games) ...
    200/1400  [6s]
    400/1400  [12s]
    600/1400  [17s]
    800/1400  [22s]
    1000/1400  [27s]
    1200/1400  [32s]
    1400/1400  [38s]
  Done in 38s

  Step 2/3: LiSSA H^{-1} for 50 suspicious test games ...
    10/50  [61s]
    20/50  [122s]
    30/50  [183s]
    40/50  [245s]
    50/50  [303s]
  Influence matrix done in 303s
  Range: [-1.0836, 0.9037]

  Step 3/3: Self-influence (1400 train games) ...
  Self-inf  cheat=-0.254321  clean=-0.061006  ratio=4.2x

==============================================================
  GENERATING FIGURES
==============================================================
  Saved: fig_v2_dataset.png
  Saved: fig_v2_training.png
  Saved: fig_v2_roc.png
  Saved: fig_v2_confusion.png
  Saved: fig_v2_metrics.png
  Saved: fig_v2_scores.png
  Saved: fig_v2_proponents.png
  Saved: fig_v2_selfinf.png
  Saved: fig_v2_heatmap.png
  Saved: fig_v2_cheaterzone.png

  10 figures generated.


==============================================================
  BUILDING Selieri_v2.docx
==============================================================
  Saved: Selieri_v2.docx

==============================================================
  COMPLETE
==============================================================

  ==============================================================
  Model          Features   Game AUC   Game F1   Epochs
  ==============================================================
  A1 Per-Move    SF+Maia    0.9839    0.8896     24
  A2 Per-Move    SF-only    0.9670    0.8433     35
  B1 Per-Game    SF+Maia    0.9940    0.9605     22
  B2 Per-Game    SF-only    0.9719    0.9115     24
  ==============================================================
  K&L Self-Influence ratio (cheat/clean): 4.2x

